2026-05-20 16:13:21,338 : INFO : Chrome Browser Launched
2026-05-20 16:13:21,382 : INFO : ====== WebDriver manager ======
2026-05-20 16:13:26,753 : INFO : Driver [C:\Users\agarw\.wdm\drivers\chromedriver\win64\148.0.7778.178\chromedriver-win64/chromedriver.exe] found in cache by browser version
2026-05-20 16:14:00,960 : INFO : Myntra Website Opened
2026-05-20 16:14:02,093 : INFO : ******** Homepage Test Started ********
2026-05-20 16:14:09,998 : INFO : Myntra Website Opened
2026-05-20 16:14:12,272 : INFO : Homepage Screenshot Captured
2026-05-20 16:14:12,275 : INFO : Homepage Test Passed
2026-05-20 16:14:12,366 : INFO : Closing Browser
2026-05-20 16:14:26,095 : INFO : Chrome Browser Launched
2026-05-20 16:14:26,107 : INFO : ====== WebDriver manager ======
2026-05-20 16:14:29,813 : INFO : Driver [C:\Users\agarw\.wdm\drivers\chromedriver\win64\148.0.7778.178\chromedriver-win64/chromedriver.exe] found in cache by browser version
2026-05-20 16:31:37,714 : INFO : Launching Chrome Browser
2026-05-20 16:31:37,756 : INFO : ====== WebDriver manager ======
2026-05-20 16:31:42,909 : INFO : Driver [C:\Users\agarw\.wdm\drivers\chromedriver\win64\148.0.7778.178\chromedriver-win64/chromedriver.exe] found in cache by browser version
2026-05-20 16:32:02,920 : INFO : Myntra Website Opened
2026-05-20 16:32:03,158 : INFO : ******** Homepage Test Started ********
2026-05-20 16:32:09,048 : INFO : Myntra Website Opened
2026-05-20 16:32:09,831 : INFO : Homepage Screenshot Captured
2026-05-20 16:32:10,090 : INFO : Homepage Verification Passed
2026-05-20 16:32:10,091 : INFO : ******** Homepage Test Completed ********
2026-05-20 16:32:10,143 : INFO : Closing Browser
2026-05-20 16:32:24,025 : INFO : Launching Chrome Browser
2026-05-20 16:32:24,037 : INFO : ====== WebDriver manager ======
2026-05-20 16:32:28,712 : INFO : Driver [C:\Users\agarw\.wdm\drivers\chromedriver\win64\148.0.7778.178\chromedriver-win64/chromedriver.exe] found in cache by browser version
2026-05-20 16:32:45,666 : INFO : Myntra Website Opened
2026-05-20 16:32:45,791 : INFO : ******** Myntra Kids E2E Test Started ********
2026-05-20 16:33:06,407 : ERROR : E2E Test Failed: Message: 
Stacktrace:
	chromedriver!GetHandleVerifier [0x7ff624797de5+14895]
	chromedriver!GetHandleVerifier [0x7ff624797e50+14900]
	chromedriver!(No symbol) [0x7ff6244fd5ad]
	chromedriver!(No symbol) [0x7ff624557822]
	chromedriver!(No symbol) [0x7ff624557b2c]
	chromedriver!(No symbol) [0x7ff6245a7d17]
	chromedriver!(No symbol) [0x7ff6245a486f]
	chromedriver!(No symbol) [0x7ff624549df8]
	chromedriver!(No symbol) [0x7ff62454ace3]
	chromedriver!GetHandleVerifier [0x7ff624aacc49+3296f9]
	chromedriver!GetHandleVerifier [0x7ff624aa7375+323e25]
	chromedriver!GetHandleVerifier [0x7ff624acbc82+348732]
	chromedriver!GetHandleVerifier [0x7ff6247b6045+32af5]
	chromedriver!GetHandleVerifier [0x7ff6247becec+3b79c]
	chromedriver!GetHandleVerifier [0x7ff6247a1bc4+1e674]
	chromedriver!GetHandleVerifier [0x7ff6247a1d54+1e804]
	chromedriver!GetHandleVerifier [0x7ff6247860e7+2b97]
	KERNEL32!BaseThreadInitThunk [0x7ffbe2e0e957+17]
	ntdll!RtlUserThreadStart [0x7ffbe3d2427c+2c]

2026-05-20 16:33:08,426 : INFO : Closing Browser
2026-05-20 16:40:05,936 : INFO : Launching Chrome Browser
2026-05-20 16:40:36,691 : INFO : Myntra Website Opened Successfully
2026-05-20 16:40:36,858 : INFO : ******** Myntra Kids E2E Test Started ********
2026-05-20 16:40:36,940 : INFO : Homepage Verified Successfully
2026-05-20 16:40:41,165 : INFO : Kids Section Opened Successfully
2026-05-20 16:40:41,187 : INFO : Kids Page Verified Successfully
2026-05-20 16:40:42,694 : INFO : Search Performed For Product: Kids T-shirt
2026-05-20 16:41:03,668 : ERROR : E2E Test Failed: Message: 
Stacktrace:
	chromedriver!GetHandleVerifier [0x7ff683b47de5+14895]
	chromedriver!GetHandleVerifier [0x7ff683b47e50+14900]
	chromedriver!(No symbol) [0x7ff6838ad5ad]
	chromedriver!(No symbol) [0x7ff683907822]
	chromedriver!(No symbol) [0x7ff683907b2c]
	chromedriver!(No symbol) [0x7ff683957d17]
	chromedriver!(No symbol) [0x7ff68395486f]
	chromedriver!(No symbol) [0x7ff6838f9df8]
	chromedriver!(No symbol) [0x7ff6838face3]
	chromedriver!GetHandleVerifier [0x7ff683e5cc49+3296f9]
	chromedriver!GetHandleVerifier [0x7ff683e57375+323e25]
	chromedriver!GetHandleVerifier [0x7ff683e7bc82+348732]
	chromedriver!GetHandleVerifier [0x7ff683b66045+32af5]
	chromedriver!GetHandleVerifier [0x7ff683b6ecec+3b79c]
	chromedriver!GetHandleVerifier [0x7ff683b51bc4+1e674]
	chromedriver!GetHandleVerifier [0x7ff683b51d54+1e804]
	chromedriver!GetHandleVerifier [0x7ff683b360e7+2b97]
	KERNEL32!BaseThreadInitThunk [0x7ffbe2e0e957+17]
	ntdll!RtlUserThreadStart [0x7ffbe3d2427c+2c]

2026-05-20 16:41:06,695 : ERROR : Screenshot Saved: screenshots/test_myntra_kids_e2e[Kids T-shirt].png
2026-05-20 16:41:06,951 : INFO : Closing Browser
2026-05-20 16:47:55,941 : INFO : Launching Chrome Browser
2026-05-20 16:48:08,201 : INFO : Myntra Website Opened Successfully
2026-05-20 16:48:08,206 : INFO : ******** Myntra Kids E2E Test Started ********
2026-05-20 16:48:08,319 : INFO : Homepage Verified Successfully
2026-05-20 16:50:22,268 : ERROR : E2E Test Failed: HTTPConnectionPool(host='localhost', port=63988): Read timed out. (read timeout=120)
2026-05-20 16:52:37,047 : WARNING : Retrying (Retry(total=2, connect=None, read=None, redirect=None, status=None)) after connection broken by 'ReadTimeoutError("HTTPConnectionPool(host='localhost', port=63988): Read timed out. (read timeout=120)")': /session/32bea26090dff89a4d6a16a4717c1e8f/screenshot
2026-05-20 16:54:38,315 : INFO : Launching Chrome Browser
2026-05-20 16:55:32,767 : INFO : Myntra Website Opened Successfully
2026-05-20 16:55:33,395 : INFO : ******** Test Valid Login Started ********
2026-05-20 16:55:38,590 : INFO : Myntra Website Opened
2026-05-20 16:55:43,128 : INFO : Homepage Screenshot Captured
2026-05-20 16:55:43,136 : INFO : Valid Login Test Passed
2026-05-20 16:55:43,459 : INFO : Closing Browser
2026-05-20 16:57:42,251 : INFO : Launching Chrome Browser
2026-05-20 16:57:53,036 : INFO : Myntra Website Opened Successfully
2026-05-20 16:57:53,061 : INFO : ******** Test Valid Login Started ********
2026-05-20 16:57:58,163 : INFO : Myntra Website Opened
2026-05-20 16:57:58,657 : INFO : Homepage Screenshot Captured
2026-05-20 16:57:58,657 : INFO : Valid Login Test Passed
2026-05-20 16:57:58,965 : INFO : Closing Browser
2026-05-20 16:58:10,122 : INFO : Launching Chrome Browser
2026-05-20 16:58:19,470 : INFO : Myntra Website Opened Successfully
2026-05-20 16:58:19,474 : INFO : ******** Add Product To Bag Test Started ********
2026-05-20 16:58:19,550 : INFO : Homepage Verified
2026-05-20 16:58:22,480 : INFO : Kids Section Opened
2026-05-20 16:58:23,340 : INFO : Product Search Successful
2026-05-20 16:58:35,545 : ERROR : Screenshot Saved: screenshots/test_add_product_to_bag.png
2026-05-20 16:58:35,604 : INFO : Closing Browser
2026-05-20 16:59:26,146 : INFO : Launching Chrome Browser
2026-05-20 16:59:31,926 : INFO : Myntra Website Opened Successfully
2026-05-20 16:59:31,938 : INFO : ******** Test Valid Login Started ********
2026-05-20 16:59:32,344 : INFO : Myntra Website Opened
2026-05-20 16:59:35,211 : INFO : Homepage Screenshot Captured
2026-05-20 16:59:35,211 : INFO : Valid Login Test Passed
2026-05-20 16:59:35,356 : INFO : Closing Browser
2026-05-20 16:59:38,010 : INFO : Launching Chrome Browser
2026-05-20 16:59:44,573 : INFO : Myntra Website Opened Successfully
2026-05-20 16:59:44,575 : INFO : ******** Apply Brand Filter Test Started ********
2026-05-20 16:59:44,886 : INFO : Homepage Verified
2026-05-20 16:59:49,539 : INFO : Kids Section Opened
2026-05-20 16:59:50,085 : INFO : Product Search Successful
2026-05-20 17:00:14,117 : ERROR : Screenshot Saved: screenshots/test_apply_brand_filter.png
2026-05-20 17:00:14,322 : INFO : Closing Browser
2026-05-20 17:00:49,962 : INFO : Launching Chrome Browser
2026-05-20 17:00:55,941 : ERROR : Website Load Failed: Message: target frame detached
  (failed to check if window was closed: disconnected: Unable to receive message from renderer)
  (Session info: chrome=148.0.7778.168)
Stacktrace:
	chromedriver!GetHandleVerifier [0x7ff610a07de5+14895]
	chromedriver!GetHandleVerifier [0x7ff610a07e50+14900]
	chromedriver!(No symbol) [0x7ff61076d396]
	chromedriver!(No symbol) [0x7ff610759e70]
	chromedriver!(No symbol) [0x7ff610758ca6]
	chromedriver!(No symbol) [0x7ff61077ee6c]
	chromedriver!(No symbol) [0x7ff61077e106]
	chromedriver!(No symbol) [0x7ff610814c15]
	chromedriver!(No symbol) [0x7ff6107b9df8]
	chromedriver!(No symbol) [0x7ff6107bace3]
	chromedriver!GetHandleVerifier [0x7ff610d1cc49+3296f9]
	chromedriver!GetHandleVerifier [0x7ff610d17375+323e25]
	chromedriver!GetHandleVerifier [0x7ff610d3bc82+348732]
	chromedriver!GetHandleVerifier [0x7ff610a26045+32af5]
	chromedriver!GetHandleVerifier [0x7ff610a2ecec+3b79c]
	chromedriver!GetHandleVerifier [0x7ff610a11bc4+1e674]
	chromedriver!GetHandleVerifier [0x7ff610a11d54+1e804]
	chromedriver!GetHandleVerifier [0x7ff6109f60e7+2b97]
	KERNEL32!BaseThreadInitThunk [0x7fff6162e957+17]
	ntdll!RtlUserThreadStart [0x7fff62fa427c+2c]

2026-05-20 17:00:58,480 : INFO : Launching Chrome Browser
2026-05-20 17:01:08,254 : INFO : Myntra Website Opened Successfully
2026-05-20 17:01:08,274 : INFO : ******** Open Product Details Test Started ********
2026-05-20 17:01:08,430 : INFO : Homepage Verified
2026-05-20 17:01:11,494 : INFO : Kids Section Opened
2026-05-20 17:01:12,237 : INFO : Product Search Successful
2026-05-20 17:01:24,558 : ERROR : Screenshot Saved: screenshots/test_open_product_details.png
2026-05-20 17:01:26,051 : INFO : Closing Browser
2026-05-20 17:02:08,539 : INFO : Launching Chrome Browser
2026-05-20 17:02:16,229 : INFO : Myntra Website Opened Successfully
2026-05-20 17:02:16,260 : INFO : ******** Homepage Test Started ********
2026-05-20 17:02:26,388 : INFO : Myntra Website Opened
2026-05-20 17:02:27,264 : INFO : Homepage Screenshot Captured
2026-05-20 17:02:27,276 : INFO : Homepage Test Passed
2026-05-20 17:02:27,992 : INFO : Closing Browser
2026-05-20 17:02:47,444 : INFO : Launching Chrome Browser
2026-05-20 17:02:58,386 : INFO : Myntra Website Opened Successfully
2026-05-20 17:02:58,392 : INFO : ******** Valid Login Test Started ********
2026-05-20 17:03:09,291 : INFO : Login Popup Opened
2026-05-20 17:03:10,921 : INFO : Mobile Number Entered
2026-05-20 17:03:11,028 : INFO : Consent Checkbox Clicked
2026-05-20 17:03:11,462 : INFO : Continue Button Clicked
2026-05-20 17:03:21,621 : INFO : Valid Login Test Completed
2026-05-20 17:03:25,876 : INFO : Closing Browser
2026-05-20 17:20:37,299 : INFO : Launching Chrome Browser
2026-05-20 17:20:37,300 : INFO : ====== WebDriver manager ======
2026-05-20 17:20:39,271 : INFO : Driver [C:\Users\agarw\.wdm\drivers\chromedriver\win64\148.0.7778.178\chromedriver-win64/chromedriver.exe] found in cache by browser version
2026-05-20 17:21:00,004 : INFO : Login Popup Opened
2026-05-20 17:21:01,227 : INFO : Invalid Mobile Number Entered
2026-05-20 17:21:01,322 : INFO : Consent Checkbox Clicked
2026-05-20 17:21:01,432 : INFO : Continue Button Clicked
2026-05-20 17:21:01,515 : INFO : Closing Browser
2026-05-20 17:22:48,632 : INFO : Launching Chrome Browser
2026-05-20 17:22:48,635 : INFO : ====== WebDriver manager ======
2026-05-20 17:22:50,008 : INFO : Driver [C:\Users\agarw\.wdm\drivers\chromedriver\win64\148.0.7778.178\chromedriver-win64/chromedriver.exe] found in cache by browser version
2026-05-20 17:22:59,252 : INFO : Homepage Verified
2026-05-20 17:23:05,025 : INFO : Kids Section Opened
2026-05-20 17:23:13,873 : INFO : Invalid Product Searched
2026-05-20 17:23:24,041 : INFO : No Products Found Verification Passed
2026-05-20 17:23:24,078 : INFO : Closing Browser
2026-05-20 17:24:56,716 : INFO : Launching Chrome Browser
2026-05-20 17:24:56,717 : INFO : ====== WebDriver manager ======
2026-05-20 17:24:58,251 : INFO : Driver [C:\Users\agarw\.wdm\drivers\chromedriver\win64\148.0.7778.178\chromedriver-win64/chromedriver.exe] found in cache by browser version
2026-05-20 17:25:44,400 : INFO : Login Popup Opened
2026-05-20 17:25:45,527 : INFO : Valid Mobile Number Entered
2026-05-20 17:25:45,611 : INFO : Consent Checkbox Clicked
2026-05-20 17:25:45,818 : INFO : Continue Button Clicked
2026-05-20 17:25:45,966 : INFO : Closing Browser
2026-05-20 17:28:18,544 : INFO : Launching Chrome Browser
2026-05-20 17:28:18,545 : INFO : ====== WebDriver manager ======
2026-05-20 17:28:20,048 : INFO : Driver [C:\Users\agarw\.wdm\drivers\chromedriver\win64\148.0.7778.178\chromedriver-win64/chromedriver.exe] found in cache by browser version
2026-05-20 17:28:29,571 : INFO : Homepage Verified
2026-05-20 17:28:32,663 : INFO : Kids Section Opened
2026-05-20 17:28:38,301 : INFO : Product Search Successful
2026-05-20 17:28:42,798 : INFO : First Product Opened
2026-05-20 17:28:42,961 : INFO : Product Details Verified
2026-05-20 17:28:43,141 : INFO : Closing Browser
2026-05-20 17:30:30,837 : INFO : Launching Chrome Browser
2026-05-20 17:30:30,845 : INFO : ====== WebDriver manager ======
2026-05-20 17:30:32,754 : INFO : Driver [C:\Users\agarw\.wdm\drivers\chromedriver\win64\148.0.7778.178\chromedriver-win64/chromedriver.exe] found in cache by browser version
2026-05-20 17:31:01,625 : INFO : Homepage Verified
2026-05-20 17:31:06,764 : INFO : Kids Section Opened
2026-05-20 17:31:10,256 : INFO : Product Search Successful
2026-05-20 17:31:10,425 : INFO : Brand Filter Applied
2026-05-20 17:31:10,539 : INFO : Gender Filter Applied
2026-05-20 17:31:10,644 : INFO : Color Filter Applied
2026-05-20 17:31:10,671 : INFO : Closing Browser
2026-05-20 17:32:51,086 : INFO : Launching Chrome Browser
2026-05-20 17:32:51,087 : INFO : ====== WebDriver manager ======
2026-05-20 17:32:52,494 : INFO : Driver [C:\Users\agarw\.wdm\drivers\chromedriver\win64\148.0.7778.178\chromedriver-win64/chromedriver.exe] found in cache by browser version
2026-05-20 17:33:01,161 : INFO : Homepage Verified
2026-05-20 17:33:04,313 : INFO : Kids Section Opened
2026-05-20 17:33:09,323 : INFO : Product Search Successful
2026-05-20 17:33:13,585 : INFO : Product Opened
2026-05-20 17:33:13,955 : INFO : Product Page Verified
2026-05-20 17:33:14,204 : INFO : Size Selected
2026-05-20 17:33:14,489 : INFO : Product Added To Bag
2026-05-20 17:33:14,539 : INFO : Add To Bag Verified
2026-05-20 17:33:14,601 : INFO : Closing Browser
2026-05-20 17:34:27,575 : INFO : Launching Chrome Browser
2026-05-20 17:34:27,576 : INFO : ====== WebDriver manager ======
2026-05-20 17:34:29,284 : INFO : Driver [C:\Users\agarw\.wdm\drivers\chromedriver\win64\148.0.7778.178\chromedriver-win64/chromedriver.exe] found in cache by browser version
2026-05-20 17:34:55,014 : INFO : Homepage Verified Successfully
2026-05-20 17:34:59,648 : INFO : Kids Section Opened Successfully
2026-05-20 17:35:03,461 : INFO : Search performed for: Kids Shoes
2026-05-20 17:35:04,296 : INFO : Closing Browser
2026-05-20 17:41:53,270 : INFO : Launching Chrome Browser
2026-05-20 17:41:53,271 : INFO : ====== WebDriver manager ======
2026-05-20 17:41:54,582 : INFO : Driver [C:\Users\agarw\.wdm\drivers\chromedriver\win64\148.0.7778.178\chromedriver-win64/chromedriver.exe] found in cache by browser version
2026-05-20 17:42:11,098 : INFO : Homepage Verified Successfully
2026-05-20 17:42:13,955 : INFO : Kids Section Opened Successfully
2026-05-20 17:42:16,580 : INFO : Search performed for: Kids Shoes
2026-05-20 17:42:17,506 : INFO : Closing Browser
2026-05-20 17:42:43,948 : INFO : Launching Chrome Browser
2026-05-20 17:42:43,949 : INFO : ====== WebDriver manager ======
2026-05-20 17:42:45,606 : INFO : Driver [C:\Users\agarw\.wdm\drivers\chromedriver\win64\148.0.7778.178\chromedriver-win64/chromedriver.exe] found in cache by browser version
2026-05-20 17:42:57,401 : INFO : Homepage Verified Successfully
2026-05-20 17:43:00,641 : INFO : Kids Section Opened Successfully
2026-05-20 17:43:03,754 : INFO : Search performed for: Kids Shoes
2026-05-20 17:43:06,730 : INFO : First Product Opened
2026-05-20 17:43:09,142 : INFO : Closing Browser
2026-05-20 17:45:55,770 : INFO : Launching Chrome Browser
2026-05-20 17:45:55,772 : INFO : ====== WebDriver manager ======
2026-05-20 17:45:58,033 : INFO : Driver [C:\Users\agarw\.wdm\drivers\chromedriver\win64\148.0.7778.178\chromedriver-win64/chromedriver.exe] found in cache by browser version
2026-05-20 17:46:08,217 : INFO : Closing Browser
2026-05-20 17:47:50,979 : INFO : Launching Chrome Browser
2026-05-20 17:47:50,980 : INFO : ====== WebDriver manager ======
2026-05-20 17:47:52,938 : INFO : Driver [C:\Users\agarw\.wdm\drivers\chromedriver\win64\148.0.7778.178\chromedriver-win64/chromedriver.exe] found in cache by browser version
2026-05-20 17:48:01,053 : INFO : Homepage Verified Successfully
2026-05-20 17:48:05,778 : INFO : Kids Section Opened Successfully
2026-05-20 17:48:06,072 : INFO : Kids Page Verified
2026-05-20 17:48:12,120 : INFO : Search performed for: Kids Shoes
2026-05-20 17:48:15,154 : INFO : First Product Opened
2026-05-20 17:48:15,387 : INFO : Product Page Verified
2026-05-20 17:48:15,634 : INFO : Product Size Selected
2026-05-20 17:48:15,919 : INFO : Product Added To Bag
2026-05-20 17:48:16,134 : INFO : Product Successfully Added To Bag
2026-05-20 17:48:16,698 : INFO : Closing Browser
2026-05-20 17:49:57,620 : INFO : Launching Chrome Browser
2026-05-20 17:49:57,621 : INFO : ====== WebDriver manager ======
2026-05-20 17:49:58,995 : INFO : Driver [C:\Users\agarw\.wdm\drivers\chromedriver\win64\148.0.7778.178\chromedriver-win64/chromedriver.exe] found in cache by browser version
2026-05-20 17:50:14,745 : INFO : Homepage Verified Successfully
2026-05-20 17:50:25,715 : INFO : Kids Section Opened Successfully
2026-05-20 17:50:25,735 : INFO : Kids Page Verified
2026-05-20 17:50:31,255 : INFO : Search performed for: Kids Shoes
2026-05-20 17:50:33,571 : INFO : First Product Opened
2026-05-20 17:50:33,984 : INFO : Product Page Verified
2026-05-20 17:50:34,285 : INFO : Product Size Selected
2026-05-20 17:50:34,467 : INFO : Product Added To Bag
2026-05-20 17:50:34,623 : INFO : Product Successfully Added To Bag
2026-05-20 17:50:36,843 : INFO : Closing Browser
2026-05-20 17:55:06,574 : INFO : Launching Chrome Browser
2026-05-20 17:55:06,576 : INFO : ====== WebDriver manager ======
2026-05-20 17:55:07,919 : INFO : Driver [C:\Users\agarw\.wdm\drivers\chromedriver\win64\148.0.7778.178\chromedriver-win64/chromedriver.exe] found in cache by browser version
2026-05-20 17:55:30,035 : INFO : Homepage Verified Successfully
2026-05-20 17:55:33,491 : INFO : Kids Section Opened Successfully
2026-05-20 17:55:33,530 : INFO : Kids Page Verified
2026-05-20 17:55:37,219 : INFO : Search performed for: Kids Shoes
2026-05-20 17:55:39,744 : INFO : First Product Opened
2026-05-20 17:55:39,859 : INFO : Product Page Verified
2026-05-20 17:55:39,987 : INFO : Product Size Selected
2026-05-20 17:55:40,173 : INFO : Product Added To Bag
2026-05-20 17:55:40,277 : INFO : Product Successfully Added To Bag
2026-05-20 17:55:42,912 : INFO : Shopping Bag Opened
2026-05-20 17:55:43,009 : INFO : Cart Page Verified Successfully
2026-05-20 17:55:43,041 : INFO : Closing Browser
2026-05-20 18:15:32,170 : INFO : Launching Chrome Browser
2026-05-20 18:15:32,171 : INFO : ====== WebDriver manager ======
2026-05-20 18:15:33,870 : INFO : Driver [C:\Users\agarw\.wdm\drivers\chromedriver\win64\148.0.7778.178\chromedriver-win64/chromedriver.exe] found in cache by browser version
2026-05-20 18:15:58,658 : INFO : Login Popup Opened
2026-05-20 18:15:59,335 : INFO : Invalid Mobile Number Entered
2026-05-20 18:15:59,396 : INFO : Consent Checkbox Clicked
2026-05-20 18:15:59,468 : INFO : Continue Button Clicked
2026-05-20 18:15:59,485 : INFO : Closing Browser
2026-05-20 18:16:02,174 : INFO : Launching Chrome Browser
2026-05-20 18:16:02,177 : INFO : ====== WebDriver manager ======
2026-05-20 18:16:03,122 : INFO : Driver [C:\Users\agarw\.wdm\drivers\chromedriver\win64\148.0.7778.178\chromedriver-win64/chromedriver.exe] found in cache by browser version
2026-05-20 18:16:13,552 : INFO : Homepage Verified
2026-05-20 18:16:16,992 : INFO : Kids Section Opened
2026-05-20 18:16:20,211 : INFO : Invalid Product Searched
2026-05-20 18:16:30,297 : INFO : No Products Found Verification Passed
2026-05-20 18:16:30,313 : INFO : Closing Browser
2026-05-20 18:16:33,136 : INFO : Launching Chrome Browser
2026-05-20 18:16:33,137 : INFO : ====== WebDriver manager ======
2026-05-20 18:16:34,064 : INFO : Driver [C:\Users\agarw\.wdm\drivers\chromedriver\win64\148.0.7778.178\chromedriver-win64/chromedriver.exe] found in cache by browser version
2026-05-20 18:16:41,517 : INFO : Homepage Verified
2026-05-20 18:16:44,848 : INFO : Kids Section Opened
2026-05-20 18:16:47,666 : INFO : Product Search Successful
2026-05-20 18:16:49,543 : INFO : Product Opened
2026-05-20 18:16:49,720 : INFO : Product Page Verified
2026-05-20 18:16:49,867 : INFO : Size Selected
2026-05-20 18:16:50,101 : INFO : Product Added To Bag
2026-05-20 18:16:50,130 : INFO : Add To Bag Verified
2026-05-20 18:16:50,137 : INFO : Closing Browser
2026-05-20 18:16:53,308 : INFO : Launching Chrome Browser
2026-05-20 18:16:53,308 : INFO : ====== WebDriver manager ======
2026-05-20 18:16:54,421 : INFO : Driver [C:\Users\agarw\.wdm\drivers\chromedriver\win64\148.0.7778.178\chromedriver-win64/chromedriver.exe] found in cache by browser version
2026-05-20 18:17:01,375 : INFO : Homepage Verified
2026-05-20 18:17:03,494 : INFO : Kids Section Opened
2026-05-20 18:17:06,357 : INFO : Product Search Successful
2026-05-20 18:17:06,626 : INFO : Brand Filter Applied
2026-05-20 18:17:06,742 : INFO : Gender Filter Applied
2026-05-20 18:17:06,850 : INFO : Color Filter Applied
2026-05-20 18:17:06,878 : INFO : Closing Browser
2026-05-20 18:17:09,457 : INFO : Launching Chrome Browser
2026-05-20 18:17:09,458 : INFO : ====== WebDriver manager ======
2026-05-20 18:17:10,351 : INFO : Driver [C:\Users\agarw\.wdm\drivers\chromedriver\win64\148.0.7778.178\chromedriver-win64/chromedriver.exe] found in cache by browser version
2026-05-20 18:17:17,514 : INFO : Homepage Verified
2026-05-20 18:17:19,790 : INFO : Kids Section Opened
2026-05-20 18:17:22,320 : INFO : Product Search Successful
2026-05-20 18:17:24,524 : INFO : First Product Opened
2026-05-20 18:17:24,661 : INFO : Product Details Verified
2026-05-20 18:17:24,676 : INFO : Closing Browser
2026-05-20 18:17:27,316 : INFO : Launching Chrome Browser
2026-05-20 18:17:27,316 : INFO : ====== WebDriver manager ======
2026-05-20 18:17:28,220 : INFO : Driver [C:\Users\agarw\.wdm\drivers\chromedriver\win64\148.0.7778.178\chromedriver-win64/chromedriver.exe] found in cache by browser version
2026-05-20 18:17:41,811 : INFO : Login Popup Opened
2026-05-20 18:17:42,526 : INFO : Valid Mobile Number Entered
2026-05-20 18:17:42,570 : INFO : Consent Checkbox Clicked
2026-05-20 18:17:42,627 : INFO : Continue Button Clicked
2026-05-20 18:17:42,632 : INFO : Closing Browser
2026-05-20 18:17:45,087 : INFO : Launching Chrome Browser
2026-05-20 18:17:45,088 : INFO : ====== WebDriver manager ======
2026-05-20 18:17:45,940 : INFO : Driver [C:\Users\agarw\.wdm\drivers\chromedriver\win64\148.0.7778.178\chromedriver-win64/chromedriver.exe] found in cache by browser version
2026-05-20 18:17:54,518 : INFO : Homepage Verified Successfully
2026-05-20 18:17:57,468 : INFO : Kids Section Opened Successfully
2026-05-20 18:17:57,500 : INFO : Kids Page Verified
2026-05-20 18:18:00,331 : INFO : Search performed for: Kids Shoes
2026-05-20 18:18:02,434 : INFO : First Product Opened
2026-05-20 18:18:02,584 : INFO : Product Page Verified
2026-05-20 18:18:03,009 : INFO : Product Size Selected
2026-05-20 18:18:03,327 : INFO : Product Added To Bag
2026-05-20 18:18:03,509 : INFO : Product Successfully Added To Bag
2026-05-20 18:18:06,522 : INFO : Shopping Bag Opened
2026-05-20 18:18:06,594 : INFO : Cart Page Verified Successfully
2026-05-20 18:18:06,730 : INFO : Closing Browser
2026-05-20 18:45:44,440 : INFO : Launching Chrome Browser
2026-05-20 18:45:44,441 : INFO : ====== WebDriver manager ======
2026-05-20 18:45:45,687 : INFO : Driver [C:\Users\agarw\.wdm\drivers\chromedriver\win64\148.0.7778.178\chromedriver-win64/chromedriver.exe] found in cache by browser version
2026-05-20 18:46:09,056 : INFO : Login Popup Opened
2026-05-20 18:46:09,904 : INFO : Invalid Mobile Number Entered
2026-05-20 18:46:09,948 : INFO : Consent Checkbox Clicked
2026-05-20 18:46:10,039 : INFO : Continue Button Clicked
2026-05-20 18:46:10,091 : INFO : Closing Browser
2026-05-20 18:46:15,202 : INFO : Launching Chrome Browser
2026-05-20 18:46:15,204 : INFO : ====== WebDriver manager ======
2026-05-20 18:46:16,249 : INFO : Driver [C:\Users\agarw\.wdm\drivers\chromedriver\win64\148.0.7778.178\chromedriver-win64/chromedriver.exe] found in cache by browser version
2026-05-20 18:46:26,280 : INFO : Homepage Verified
2026-05-20 18:46:28,423 : INFO : Kids Section Opened
2026-05-20 18:46:32,382 : INFO : Invalid Product Searched
2026-05-20 18:46:42,431 : INFO : No Products Found Verification Passed
2026-05-20 18:46:42,451 : INFO : Closing Browser
2026-05-20 18:47:00,154 : INFO : Launching Chrome Browser
2026-05-20 18:47:00,157 : INFO : ====== WebDriver manager ======
2026-05-20 18:47:01,649 : INFO : Driver [C:\Users\agarw\.wdm\drivers\chromedriver\win64\148.0.7778.178\chromedriver-win64/chromedriver.exe] found in cache by browser version
2026-05-20 18:47:11,401 : INFO : Homepage Verified
2026-05-20 18:47:14,293 : INFO : Kids Section Opened
2026-05-20 18:47:17,477 : INFO : Product Search Successful
2026-05-20 18:47:20,394 : INFO : Product Opened
2026-05-20 18:47:20,604 : INFO : Product Page Verified
2026-05-20 18:47:20,700 : INFO : Size Selected
2026-05-20 18:47:21,083 : INFO : Product Added To Bag
2026-05-20 18:47:22,440 : INFO : Add To Bag Verified
2026-05-20 18:47:22,630 : INFO : Closing Browser
2026-05-20 18:47:31,457 : INFO : Launching Chrome Browser
2026-05-20 18:47:31,458 : INFO : ====== WebDriver manager ======
2026-05-20 18:47:32,447 : INFO : Driver [C:\Users\agarw\.wdm\drivers\chromedriver\win64\148.0.7778.178\chromedriver-win64/chromedriver.exe] found in cache by browser version
2026-05-20 18:47:39,416 : INFO : Homepage Verified
2026-05-20 18:47:44,235 : INFO : Kids Section Opened
2026-05-20 18:47:47,201 : INFO : Product Search Successful
2026-05-20 18:47:47,376 : INFO : Brand Filter Applied
2026-05-20 18:47:47,531 : INFO : Gender Filter Applied
2026-05-20 18:47:47,656 : INFO : Color Filter Applied
2026-05-20 18:47:47,678 : INFO : Closing Browser
2026-05-20 18:47:51,745 : INFO : Launching Chrome Browser
2026-05-20 18:47:51,746 : INFO : ====== WebDriver manager ======
2026-05-20 18:47:52,661 : INFO : Driver [C:\Users\agarw\.wdm\drivers\chromedriver\win64\148.0.7778.178\chromedriver-win64/chromedriver.exe] found in cache by browser version
2026-05-20 18:48:03,761 : INFO : Homepage Verified
2026-05-20 18:48:10,254 : INFO : Kids Section Opened
2026-05-20 18:48:15,322 : INFO : Product Search Successful
2026-05-20 18:48:15,910 : INFO : First Product Opened
2026-05-20 18:48:18,313 : INFO : Product Details Verified
2026-05-20 18:48:18,513 : INFO : Closing Browser
2026-05-20 18:48:34,096 : INFO : Launching Chrome Browser
2026-05-20 18:48:34,098 : INFO : ====== WebDriver manager ======
2026-05-20 18:48:35,768 : INFO : Driver [C:\Users\agarw\.wdm\drivers\chromedriver\win64\148.0.7778.178\chromedriver-win64/chromedriver.exe] found in cache by browser version
2026-05-20 18:48:55,417 : INFO : Login Popup Opened
2026-05-20 18:48:56,337 : INFO : Valid Mobile Number Entered
2026-05-20 18:48:56,380 : INFO : Consent Checkbox Clicked
2026-05-20 18:48:56,478 : INFO : Continue Button Clicked
2026-05-20 18:48:56,546 : INFO : Closing Browser
2026-05-20 18:49:00,582 : INFO : Launching Chrome Browser
2026-05-20 18:49:00,583 : INFO : ====== WebDriver manager ======
2026-05-20 18:49:01,578 : INFO : Driver [C:\Users\agarw\.wdm\drivers\chromedriver\win64\148.0.7778.178\chromedriver-win64/chromedriver.exe] found in cache by browser version
2026-05-20 18:49:09,224 : INFO : Homepage Verified Successfully
2026-05-20 18:49:11,402 : INFO : Kids Section Opened Successfully
2026-05-20 18:49:11,430 : INFO : Kids Page Verified
2026-05-20 18:49:15,076 : INFO : Search performed for: Kids Shoes
2026-05-20 18:49:18,142 : INFO : First Product Opened
2026-05-20 18:49:18,252 : INFO : Product Page Verified
2026-05-20 18:49:18,554 : INFO : Product Size Selected
2026-05-20 18:49:18,791 : INFO : Product Added To Bag
2026-05-20 18:49:18,827 : INFO : Product Successfully Added To Bag
2026-05-20 18:49:21,095 : INFO : Shopping Bag Opened
2026-05-20 18:49:21,333 : INFO : Cart Page Verified Successfully
2026-05-20 18:49:21,569 : INFO : Closing Browser
2026-05-21 07:43:18,476 : INFO : Launching Chrome Browser
2026-05-21 07:43:18,478 : INFO : ====== WebDriver manager ======
2026-05-21 07:43:23,319 : INFO : Get LATEST chromedriver version for google-chrome
2026-05-21 07:43:25,142 : INFO : Get LATEST chromedriver version for google-chrome
2026-05-21 07:43:25,763 : INFO : WebDriver version 148.0.7778.178 selected
2026-05-21 07:43:25,780 : INFO : Modern chrome version https://storage.googleapis.com/chrome-for-testing-public/148.0.7778.178/win64/chromedriver-win64.zip
2026-05-21 07:43:25,780 : INFO : About to download new driver from https://storage.googleapis.com/chrome-for-testing-public/148.0.7778.178/win64/chromedriver-win64.zip
2026-05-21 07:43:26,303 : INFO : Driver downloading response is 200
2026-05-21 07:43:29,872 : INFO : Driver has been saved in cache [C:\Users\agarw\.wdm\drivers\chromedriver\win64\148.0.7778.178]
2026-05-21 07:43:41,487 : INFO : Login Popup Opened
2026-05-21 07:43:42,592 : INFO : Invalid Mobile Number Entered
2026-05-21 07:43:42,967 : INFO : Consent Checkbox Clicked
2026-05-21 07:43:43,397 : INFO : Continue Button Clicked
2026-05-21 07:43:43,742 : INFO : Closing Browser
2026-05-21 07:43:48,321 : INFO : Launching Chrome Browser
2026-05-21 07:43:48,322 : INFO : ====== WebDriver manager ======
2026-05-21 07:43:49,988 : INFO : Driver [C:\Users\agarw\.wdm\drivers\chromedriver\win64\148.0.7778.178\chromedriver-win64/chromedriver.exe] found in cache by browser version
2026-05-21 07:44:05,200 : INFO : Homepage Verified
2026-05-21 07:44:10,479 : INFO : Kids Section Opened
2026-05-21 07:44:14,658 : INFO : Invalid Product Searched
2026-05-21 07:44:15,575 : INFO : No Products Found Verification Passed
2026-05-21 07:44:26,371 : INFO : Closing Browser
2026-05-21 07:44:32,096 : INFO : Launching Chrome Browser
2026-05-21 07:44:32,100 : INFO : ====== WebDriver manager ======
2026-05-21 07:44:33,766 : INFO : Driver [C:\Users\agarw\.wdm\drivers\chromedriver\win64\148.0.7778.178\chromedriver-win64/chromedriver.exe] found in cache by browser version
2026-05-21 07:44:43,630 : INFO : Homepage Verified
2026-05-21 07:44:46,737 : INFO : Kids Section Opened
2026-05-21 07:44:52,422 : INFO : Product Search Successful
2026-05-21 07:44:59,448 : INFO : Product Opened
2026-05-21 07:45:01,183 : INFO : Product Page Verified
2026-05-21 07:45:02,193 : INFO : Size Selected
2026-05-21 07:45:03,834 : INFO : Product Added To Bag
2026-05-21 07:45:04,920 : INFO : Add To Bag Verified
2026-05-21 07:45:07,381 : INFO : Closing Browser
2026-05-21 07:45:26,044 : INFO : Launching Chrome Browser
2026-05-21 07:45:26,059 : INFO : ====== WebDriver manager ======
2026-05-21 07:45:28,682 : INFO : Driver [C:\Users\agarw\.wdm\drivers\chromedriver\win64\148.0.7778.178\chromedriver-win64/chromedriver.exe] found in cache by browser version
2026-05-21 07:45:41,992 : INFO : Homepage Verified
2026-05-21 07:45:43,149 : INFO : Kids Section Opened
2026-05-21 07:45:58,753 : INFO : Product Search Successful
2026-05-21 07:45:59,707 : INFO : Brand Filter Applied
2026-05-21 07:46:00,191 : INFO : Gender Filter Applied
2026-05-21 07:46:00,760 : INFO : Color Filter Applied
2026-05-21 07:46:01,228 : INFO : Closing Browser
2026-05-21 07:46:07,874 : INFO : Launching Chrome Browser
2026-05-21 07:46:07,878 : INFO : ====== WebDriver manager ======
2026-05-21 07:46:09,602 : INFO : Driver [C:\Users\agarw\.wdm\drivers\chromedriver\win64\148.0.7778.178\chromedriver-win64/chromedriver.exe] found in cache by browser version
2026-05-21 07:46:18,790 : INFO : Homepage Verified
2026-05-21 07:46:21,686 : INFO : Kids Section Opened
2026-05-21 07:46:25,174 : INFO : Product Search Successful
2026-05-21 07:46:28,419 : INFO : First Product Opened
2026-05-21 07:46:29,331 : INFO : Product Details Verified
2026-05-21 07:46:29,911 : INFO : Closing Browser
2026-05-21 07:46:34,317 : INFO : Launching Chrome Browser
2026-05-21 07:46:34,362 : INFO : ====== WebDriver manager ======
2026-05-21 07:46:35,892 : INFO : Driver [C:\Users\agarw\.wdm\drivers\chromedriver\win64\148.0.7778.178\chromedriver-win64/chromedriver.exe] found in cache by browser version
2026-05-21 07:46:47,536 : INFO : Login Popup Opened
2026-05-21 07:46:49,061 : INFO : Valid Mobile Number Entered
2026-05-21 07:46:49,430 : INFO : Consent Checkbox Clicked
2026-05-21 07:46:49,804 : INFO : Continue Button Clicked
2026-05-21 07:46:50,147 : INFO : Closing Browser
2026-05-21 07:46:54,242 : INFO : Launching Chrome Browser
2026-05-21 07:46:54,242 : INFO : ====== WebDriver manager ======
2026-05-21 07:46:55,706 : INFO : Driver [C:\Users\agarw\.wdm\drivers\chromedriver\win64\148.0.7778.178\chromedriver-win64/chromedriver.exe] found in cache by browser version
2026-05-21 07:47:03,790 : INFO : Homepage Verified Successfully
2026-05-21 07:47:07,460 : INFO : Kids Section Opened Successfully
2026-05-21 07:47:08,550 : INFO : Kids Page Verified
2026-05-21 07:47:12,587 : INFO : Search performed for: Kids Shoes
2026-05-21 07:47:16,297 : INFO : First Product Opened
2026-05-21 07:47:19,837 : INFO : Product Page Verified
2026-05-21 07:47:20,526 : INFO : Product Size Selected
2026-05-21 07:47:23,238 : INFO : Product Added To Bag
2026-05-21 07:47:23,822 : INFO : Product Successfully Added To Bag
2026-05-21 07:47:28,336 : INFO : Shopping Bag Opened
2026-05-21 07:47:28,577 : INFO : Cart Page Verified Successfully
2026-05-21 07:47:28,859 : INFO : Closing Browser
2026-05-21 11:37:40,638 : INFO : Launching Chrome Browser
2026-05-21 11:37:40,638 : INFO : ====== WebDriver manager ======
2026-05-21 11:37:43,048 : INFO : Driver [C:\Users\agarw\.wdm\drivers\chromedriver\win64\148.0.7778.178\chromedriver-win64/chromedriver.exe] found in cache by browser version
2026-05-21 11:37:59,834 : INFO : Login Popup Opened
2026-05-21 11:38:01,340 : INFO : Invalid Mobile Number Entered
2026-05-21 11:38:01,849 : INFO : Consent Checkbox Clicked
2026-05-21 11:38:02,234 : INFO : Continue Button Clicked
2026-05-21 11:38:02,506 : INFO : Closing Browser
2026-05-21 11:38:06,677 : INFO : Launching Chrome Browser
2026-05-21 11:38:06,682 : INFO : ====== WebDriver manager ======
2026-05-21 11:38:08,492 : INFO : Driver [C:\Users\agarw\.wdm\drivers\chromedriver\win64\148.0.7778.178\chromedriver-win64/chromedriver.exe] found in cache by browser version
2026-05-21 11:38:18,183 : INFO : Homepage Verified
2026-05-21 11:38:20,806 : INFO : Kids Section Opened
2026-05-21 11:38:24,222 : INFO : Invalid Product Searched
2026-05-21 11:38:24,786 : INFO : No Products Found Verification Passed
2026-05-21 11:38:35,308 : INFO : Closing Browser
2026-05-21 11:38:38,303 : INFO : Launching Chrome Browser
2026-05-21 11:38:38,304 : INFO : ====== WebDriver manager ======
2026-05-21 11:38:39,397 : INFO : Driver [C:\Users\agarw\.wdm\drivers\chromedriver\win64\148.0.7778.178\chromedriver-win64/chromedriver.exe] found in cache by browser version
2026-05-21 11:38:47,488 : INFO : Homepage Verified
2026-05-21 11:38:57,271 : INFO : Kids Section Opened
2026-05-21 11:39:09,743 : INFO : Product Search Successful
2026-05-21 11:39:10,981 : INFO : Product Opened
2026-05-21 11:39:15,564 : INFO : Product Page Verified
2026-05-21 11:39:16,024 : INFO : Size Selected
2026-05-21 11:39:16,511 : INFO : Product Added To Bag
2026-05-21 11:39:16,878 : INFO : Add To Bag Verified
2026-05-21 11:39:17,359 : INFO : Closing Browser
2026-05-21 11:39:21,583 : INFO : Launching Chrome Browser
2026-05-21 11:39:21,585 : INFO : ====== WebDriver manager ======
2026-05-21 11:39:23,049 : INFO : Driver [C:\Users\agarw\.wdm\drivers\chromedriver\win64\148.0.7778.178\chromedriver-win64/chromedriver.exe] found in cache by browser version
2026-05-21 11:39:31,305 : INFO : Homepage Verified
2026-05-21 11:39:36,065 : INFO : Kids Section Opened
2026-05-21 11:39:39,109 : INFO : Product Search Successful
2026-05-21 11:39:39,811 : INFO : Brand Filter Applied
2026-05-21 11:39:40,368 : INFO : Gender Filter Applied
2026-05-21 11:39:40,821 : INFO : Color Filter Applied
2026-05-21 11:39:41,167 : INFO : Closing Browser
2026-05-21 11:39:44,936 : INFO : Launching Chrome Browser
2026-05-21 11:39:44,937 : INFO : ====== WebDriver manager ======
2026-05-21 11:39:46,064 : INFO : Driver [C:\Users\agarw\.wdm\drivers\chromedriver\win64\148.0.7778.178\chromedriver-win64/chromedriver.exe] found in cache by browser version
2026-05-21 11:39:53,003 : INFO : Homepage Verified
2026-05-21 11:39:55,276 : INFO : Kids Section Opened
2026-05-21 11:39:58,363 : INFO : Product Search Successful
2026-05-21 11:40:00,759 : INFO : First Product Opened
2026-05-21 11:40:01,193 : INFO : Product Details Verified
2026-05-21 11:40:01,710 : INFO : Closing Browser
2026-05-21 11:40:04,601 : INFO : Launching Chrome Browser
2026-05-21 11:40:04,602 : INFO : ====== WebDriver manager ======
2026-05-21 11:40:05,777 : INFO : Driver [C:\Users\agarw\.wdm\drivers\chromedriver\win64\148.0.7778.178\chromedriver-win64/chromedriver.exe] found in cache by browser version
2026-05-21 11:40:16,968 : INFO : Closing Browser
2026-05-21 11:40:19,415 : INFO : Launching Chrome Browser
2026-05-21 11:40:19,415 : INFO : ====== WebDriver manager ======
2026-05-21 11:40:20,533 : INFO : Driver [C:\Users\agarw\.wdm\drivers\chromedriver\win64\148.0.7778.178\chromedriver-win64/chromedriver.exe] found in cache by browser version
2026-05-21 11:40:46,932 : INFO : Closing Browser
2026-05-21 11:46:04,940 : INFO : Launching Chrome Browser
2026-05-21 11:46:04,941 : INFO : ====== WebDriver manager ======
2026-05-21 11:46:06,373 : INFO : Driver [C:\Users\agarw\.wdm\drivers\chromedriver\win64\148.0.7778.178\chromedriver-win64/chromedriver.exe] found in cache by browser version
2026-05-21 11:46:20,934 : INFO : Login Popup Opened
2026-05-21 11:46:21,741 : INFO : Invalid Mobile Number Entered
2026-05-21 11:46:22,054 : INFO : Consent Checkbox Clicked
2026-05-21 11:46:22,437 : INFO : Continue Button Clicked
2026-05-21 11:46:22,666 : INFO : Closing Browser
2026-05-21 11:46:25,523 : INFO : Launching Chrome Browser
2026-05-21 11:46:25,527 : INFO : ====== WebDriver manager ======
2026-05-21 11:46:26,928 : INFO : Driver [C:\Users\agarw\.wdm\drivers\chromedriver\win64\148.0.7778.178\chromedriver-win64/chromedriver.exe] found in cache by browser version
2026-05-21 11:46:34,561 : INFO : Homepage Verified
2026-05-21 11:46:40,832 : INFO : Kids Section Opened
2026-05-21 11:46:47,081 : INFO : Invalid Product Searched
2026-05-21 11:46:47,505 : INFO : No Products Found Verification Passed
2026-05-21 11:46:58,069 : INFO : Closing Browser
2026-05-21 11:47:03,544 : INFO : Launching Chrome Browser
2026-05-21 11:47:03,546 : INFO : ====== WebDriver manager ======
2026-05-21 11:47:04,946 : INFO : Driver [C:\Users\agarw\.wdm\drivers\chromedriver\win64\148.0.7778.178\chromedriver-win64/chromedriver.exe] found in cache by browser version
2026-05-21 11:47:11,744 : INFO : Homepage Verified
2026-05-21 11:47:14,137 : INFO : Kids Section Opened
2026-05-21 11:47:17,127 : INFO : Product Search Successful
2026-05-21 11:47:19,292 : INFO : Product Opened
2026-05-21 11:47:19,819 : INFO : Product Page Verified
2026-05-21 11:47:20,373 : INFO : Size Selected
2026-05-21 11:47:21,029 : INFO : Product Added To Bag
2026-05-21 11:47:21,765 : INFO : Add To Bag Verified
2026-05-21 11:47:22,172 : INFO : Closing Browser
2026-05-21 11:47:25,354 : INFO : Launching Chrome Browser
2026-05-21 11:47:25,354 : INFO : ====== WebDriver manager ======
2026-05-21 11:47:26,354 : INFO : Driver [C:\Users\agarw\.wdm\drivers\chromedriver\win64\148.0.7778.178\chromedriver-win64/chromedriver.exe] found in cache by browser version
2026-05-21 11:47:30,896 : INFO : Homepage Verified
2026-05-21 11:47:31,978 : INFO : Kids Section Opened
2026-05-21 11:47:36,586 : INFO : Product Search Successful
2026-05-21 11:47:37,209 : INFO : Brand Filter Applied
2026-05-21 11:47:37,622 : INFO : Gender Filter Applied
2026-05-21 11:47:38,036 : INFO : Color Filter Applied
2026-05-21 11:47:38,403 : INFO : Closing Browser
2026-05-21 11:47:41,231 : INFO : Launching Chrome Browser
2026-05-21 11:47:41,231 : INFO : ====== WebDriver manager ======
2026-05-21 11:47:42,799 : INFO : Driver [C:\Users\agarw\.wdm\drivers\chromedriver\win64\148.0.7778.178\chromedriver-win64/chromedriver.exe] found in cache by browser version
2026-05-21 11:47:51,113 : INFO : Homepage Verified
2026-05-21 11:47:57,379 : INFO : Kids Section Opened
2026-05-21 11:48:08,377 : INFO : Product Search Successful
2026-05-21 11:48:25,740 : INFO : First Product Opened
2026-05-21 11:48:38,248 : INFO : Product Details Verified
2026-05-21 11:48:39,000 : INFO : Closing Browser
2026-05-21 11:49:05,660 : INFO : Launching Chrome Browser
2026-05-21 11:49:05,669 : INFO : ====== WebDriver manager ======
2026-05-21 11:49:07,595 : INFO : Driver [C:\Users\agarw\.wdm\drivers\chromedriver\win64\148.0.7778.178\chromedriver-win64/chromedriver.exe] found in cache by browser version
2026-05-21 11:49:25,821 : INFO : Login Popup Opened
2026-05-21 11:49:28,000 : INFO : Valid Mobile Number Entered
2026-05-21 11:49:28,410 : INFO : Consent Checkbox Clicked
2026-05-21 11:49:28,965 : INFO : Continue Button Clicked
2026-05-21 11:49:29,934 : INFO : Closing Browser
2026-05-21 11:49:35,825 : INFO : Launching Chrome Browser
2026-05-21 11:49:35,831 : INFO : ====== WebDriver manager ======
2026-05-21 11:49:37,358 : INFO : Driver [C:\Users\agarw\.wdm\drivers\chromedriver\win64\148.0.7778.178\chromedriver-win64/chromedriver.exe] found in cache by browser version
2026-05-21 11:49:45,899 : INFO : Homepage Verified Successfully
2026-05-21 11:49:48,390 : INFO : Kids Section Opened Successfully
2026-05-21 11:49:48,801 : INFO : Kids Page Verified
2026-05-21 11:49:52,345 : INFO : Search performed for: Kids T-shirt
2026-05-21 11:49:55,590 : INFO : First Product Opened
2026-05-21 11:49:56,306 : INFO : Product Page Verified
2026-05-21 11:49:56,870 : INFO : Product Size Selected
2026-05-21 11:49:57,446 : INFO : Product Added To Bag
2026-05-21 11:49:58,114 : INFO : Product Successfully Added To Bag
2026-05-21 11:50:01,285 : INFO : Shopping Bag Opened
2026-05-21 11:50:01,599 : INFO : Cart Page Verified Successfully
2026-05-21 11:50:01,774 : INFO : Closing Browser
2026-05-21 12:44:48,939 : INFO : Launching Chrome Browser
2026-05-21 12:44:48,940 : INFO : ====== WebDriver manager ======
2026-05-21 12:44:50,706 : INFO : Driver [C:\Users\agarw\.wdm\drivers\chromedriver\win64\148.0.7778.178\chromedriver-win64/chromedriver.exe] found in cache by browser version
2026-05-21 12:45:04,212 : INFO : Homepage Verified Successfully
2026-05-21 12:45:06,325 : INFO : Kids Section Opened Successfully
2026-05-21 12:45:06,953 : INFO : Kids Page Verified
2026-05-21 12:45:12,081 : INFO : Search performed for: Kids T-shirt
2026-05-21 12:45:18,078 : INFO : First Product Opened
2026-05-21 12:45:23,274 : INFO : Product Page Verified
2026-05-21 12:45:23,990 : INFO : Product Size Selected
2026-05-21 12:45:25,090 : INFO : Product Added To Bag
2026-05-21 12:45:26,309 : INFO : Product Successfully Added To Bag
2026-05-21 12:45:29,960 : INFO : Shopping Bag Opened
2026-05-21 12:45:30,205 : INFO : Cart Page Verified Successfully
2026-05-21 12:45:30,390 : INFO : Opening quantity dropdown
2026-05-21 12:45:31,136 : INFO : Closing Browser
2026-05-21 12:53:43,390 : INFO : Launching Chrome Browser
2026-05-21 12:53:43,390 : INFO : ====== WebDriver manager ======
2026-05-21 12:53:44,709 : INFO : Driver [C:\Users\agarw\.wdm\drivers\chromedriver\win64\148.0.7778.178\chromedriver-win64/chromedriver.exe] found in cache by browser version
2026-05-21 12:53:52,972 : INFO : Homepage Verified Successfully
2026-05-21 12:54:00,424 : INFO : Kids Section Opened Successfully
2026-05-21 12:54:00,785 : INFO : Kids Page Verified
2026-05-21 12:54:04,638 : INFO : Search performed for: Kids T-shirt
2026-05-21 12:54:09,757 : INFO : First Product Opened
2026-05-21 12:54:12,741 : INFO : Product Page Verified
2026-05-21 12:54:13,353 : INFO : Product Size Selected
2026-05-21 12:54:14,056 : INFO : Product Added To Bag
2026-05-21 12:54:15,075 : INFO : Product Successfully Added To Bag
2026-05-21 12:54:18,035 : INFO : Shopping Bag Opened
2026-05-21 12:54:18,248 : INFO : Cart Page Verified Successfully
2026-05-21 12:54:18,406 : INFO : Opening quantity dropdown
2026-05-21 12:54:18,536 : INFO : Changing quantity to 2
2026-05-21 12:54:18,770 : INFO : Selecting donation
2026-05-21 12:54:18,889 : INFO : Clicking Place Order
2026-05-21 12:54:21,443 : INFO : Waiting for login redirect
2026-05-21 12:54:21,732 : INFO : E2E test passed
2026-05-21 12:54:21,787 : INFO : Closing Browser
2026-05-21 13:10:31,014 : INFO : Launching Chrome Browser
2026-05-21 13:10:31,015 : INFO : ====== WebDriver manager ======
2026-05-21 13:10:32,656 : INFO : Driver [C:\Users\agarw\.wdm\drivers\chromedriver\win64\148.0.7778.178\chromedriver-win64/chromedriver.exe] found in cache by browser version
2026-05-21 13:10:40,860 : INFO : Homepage Verified Successfully
2026-05-21 13:10:49,148 : INFO : Tshirts Section Opened Successfully
2026-05-21 13:10:50,456 : INFO : Kids Page Verified
2026-05-21 13:10:54,201 : INFO : Search performed for: Kids T-shirt
2026-05-21 13:10:58,638 : INFO : First Product Opened
2026-05-21 13:11:01,138 : INFO : Product Page Verified
2026-05-21 13:11:01,895 : INFO : Product Size Selected: M
2026-05-21 13:11:02,715 : INFO : Product Added To Bag
2026-05-21 13:11:03,922 : INFO : Product Successfully Added To Bag
2026-05-21 13:11:08,154 : INFO : Shopping Bag Opened
2026-05-21 13:11:08,511 : INFO : Cart Page Verified Successfully
2026-05-21 13:11:08,665 : INFO : Opening quantity dropdown
2026-05-21 13:11:08,966 : INFO : Changing quantity to 2
2026-05-21 13:11:11,478 : INFO : Clicking Place Order
2026-05-21 13:11:15,062 : INFO : Waiting for login redirect
2026-05-21 13:11:15,388 : INFO : E2E Test Passed Successfully
2026-05-21 13:11:15,561 : INFO : Closing Browser
2026-05-21 13:11:22,135 : INFO : Launching Chrome Browser
2026-05-21 13:11:22,138 : INFO : ====== WebDriver manager ======
2026-05-21 13:11:23,747 : INFO : Driver [C:\Users\agarw\.wdm\drivers\chromedriver\win64\148.0.7778.178\chromedriver-win64/chromedriver.exe] found in cache by browser version
2026-05-21 13:11:39,655 : INFO : Homepage Verified Successfully
2026-05-21 13:11:40,433 : INFO : Shoes Section Opened Successfully
2026-05-21 13:11:41,761 : INFO : Kids Page Verified
2026-05-21 13:11:45,988 : INFO : Search performed for: Kids Shoes
2026-05-21 13:11:50,898 : INFO : First Product Opened
2026-05-21 13:11:52,000 : INFO : Product Page Verified
2026-05-21 13:11:53,685 : INFO : Product Size Selected: 8
2026-05-21 13:11:58,031 : INFO : Product Added To Bag
2026-05-21 13:11:58,812 : INFO : Product Successfully Added To Bag
2026-05-21 13:12:03,285 : INFO : Shopping Bag Opened
2026-05-21 13:12:27,495 : INFO : Closing Browser
2026-05-21 13:12:41,126 : INFO : Launching Chrome Browser
2026-05-21 13:12:41,134 : INFO : ====== WebDriver manager ======
2026-05-21 13:12:43,919 : INFO : Driver [C:\Users\agarw\.wdm\drivers\chromedriver\win64\148.0.7778.178\chromedriver-win64/chromedriver.exe] found in cache by browser version
2026-05-21 13:13:01,371 : INFO : Homepage Verified Successfully
2026-05-21 13:13:02,521 : INFO : Jeans Section Opened Successfully
2026-05-21 13:13:04,546 : INFO : Kids Page Verified
2026-05-21 13:13:08,199 : INFO : Search performed for: Kids Jeans
2026-05-21 13:13:14,309 : INFO : First Product Opened
2026-05-21 13:13:19,300 : INFO : Product Page Verified
2026-05-21 13:13:23,811 : INFO : Product Size Selected: L
2026-05-21 13:13:24,803 : INFO : Product Added To Bag
2026-05-21 13:13:25,821 : INFO : Product Successfully Added To Bag
2026-05-21 13:13:30,225 : INFO : Shopping Bag Opened
2026-05-21 13:13:30,536 : INFO : Cart Page Verified Successfully
2026-05-21 13:13:30,728 : INFO : Opening quantity dropdown
2026-05-21 13:13:30,937 : INFO : Changing quantity to 3
2026-05-21 13:13:31,368 : INFO : Clicking Place Order
2026-05-21 13:13:34,031 : INFO : Waiting for login redirect
2026-05-21 13:13:34,355 : INFO : E2E Test Passed Successfully
2026-05-21 13:13:34,396 : INFO : Closing Browser
2026-05-21 13:18:36,662 : INFO : Launching Chrome Browser
2026-05-21 13:18:36,663 : INFO : ====== WebDriver manager ======
2026-05-21 13:18:38,047 : INFO : Driver [C:\Users\agarw\.wdm\drivers\chromedriver\win64\148.0.7778.178\chromedriver-win64/chromedriver.exe] found in cache by browser version
2026-05-21 13:18:48,123 : INFO : Homepage Verified Successfully
2026-05-21 13:18:52,443 : INFO : Kids Section Opened Successfully
2026-05-21 13:18:52,786 : INFO : Processing Product: Kids T-shirt
2026-05-21 13:18:55,519 : INFO : Search performed for: Kids T-shirt
2026-05-21 13:18:56,228 : INFO : First Product Opened
2026-05-21 13:18:58,120 : INFO : Product Page Verified
2026-05-21 13:19:01,471 : INFO : Closing Browser
2026-05-21 13:21:46,083 : INFO : Launching Chrome Browser
2026-05-21 13:21:46,085 : INFO : ====== WebDriver manager ======
2026-05-21 13:21:47,285 : INFO : Driver [C:\Users\agarw\.wdm\drivers\chromedriver\win64\148.0.7778.178\chromedriver-win64/chromedriver.exe] found in cache by browser version
2026-05-21 13:21:53,110 : INFO : Homepage Verified Successfully
2026-05-21 13:21:59,302 : INFO : Kids Section Opened Successfully
2026-05-21 13:21:59,722 : INFO : Processing Product: Kids T-shirt
2026-05-21 13:22:02,630 : INFO : Search performed for: Kids T-shirt
2026-05-21 13:22:05,853 : INFO : First Product Opened
2026-05-21 13:22:09,387 : INFO : Product Page Verified
2026-05-21 13:22:12,632 : INFO : Closing Browser
2026-05-21 13:23:53,971 : INFO : Launching Chrome Browser
2026-05-21 13:23:53,972 : INFO : ====== WebDriver manager ======
2026-05-21 13:23:55,129 : INFO : Driver [C:\Users\agarw\.wdm\drivers\chromedriver\win64\148.0.7778.178\chromedriver-win64/chromedriver.exe] found in cache by browser version
2026-05-21 13:24:02,678 : INFO : Homepage Verified Successfully
2026-05-21 13:24:08,147 : INFO : Kids Section Opened Successfully
2026-05-21 13:24:08,467 : INFO : Processing Product: Kids T-shirt
2026-05-21 13:24:11,153 : INFO : Search performed for: Kids T-shirt
2026-05-21 13:24:13,741 : INFO : First Product Opened
2026-05-21 13:24:14,726 : INFO : Product Page Verified
2026-05-21 13:24:15,213 : INFO : Expected title verified: T-Shirt
2026-05-21 13:24:15,620 : INFO : Size Selected: M
2026-05-21 13:24:20,542 : INFO : Kids T-shirt Added To Bag
2026-05-21 13:24:26,995 : INFO : Processing Product: Kids Shoes
2026-05-21 13:24:30,145 : INFO : Search performed for: Kids Shoes
2026-05-21 13:24:33,574 : INFO : First Product Opened
2026-05-21 13:24:34,630 : INFO : Product Page Verified
2026-05-21 13:24:35,079 : INFO : Expected title verified: Shoes
2026-05-21 13:24:35,167 : INFO : Size Selected: 8
2026-05-21 13:24:35,749 : INFO : Kids Shoes Added To Bag
2026-05-21 13:24:39,377 : INFO : Processing Product: Kids Jeans
2026-05-21 13:24:42,237 : INFO : Search performed for: Kids Jeans
2026-05-21 13:24:44,393 : INFO : First Product Opened
2026-05-21 13:24:45,028 : INFO : Product Page Verified
2026-05-21 13:24:45,719 : INFO : Expected title verified: Jeans
2026-05-21 13:24:45,875 : INFO : Size Selected: L
2026-05-21 13:24:46,558 : INFO : Kids Jeans Added To Bag
2026-05-21 13:24:51,353 : INFO : Closing Browser
2026-05-21 13:27:14,872 : INFO : Launching Chrome Browser
2026-05-21 13:27:14,873 : INFO : ====== WebDriver manager ======
2026-05-21 13:27:16,029 : INFO : Driver [C:\Users\agarw\.wdm\drivers\chromedriver\win64\148.0.7778.178\chromedriver-win64/chromedriver.exe] found in cache by browser version
2026-05-21 13:27:24,587 : INFO : Homepage Verified Successfully
2026-05-21 13:27:29,248 : INFO : Kids Section Opened Successfully
2026-05-21 13:27:29,826 : INFO : Processing Product: Kids T-shirt
2026-05-21 13:27:35,883 : INFO : Search performed for: Kids T-shirt
2026-05-21 13:27:40,394 : INFO : First Product Opened
2026-05-21 13:27:41,483 : INFO : Product Page Verified
2026-05-21 13:27:41,985 : INFO : Expected title verified: T-Shirt
2026-05-21 13:27:42,273 : INFO : Size Selected: M
2026-05-21 13:27:43,044 : INFO : Kids T-shirt Added To Bag
2026-05-21 13:27:47,009 : INFO : Processing Product: Kids Shoes
2026-05-21 13:27:49,687 : INFO : Closing Browser
2026-05-21 14:15:27,314 : INFO : Launching Chrome Browser
2026-05-21 14:15:27,316 : INFO : ====== WebDriver manager ======
2026-05-21 14:15:29,473 : INFO : Driver [C:\Users\agarw\.wdm\drivers\chromedriver\win64\148.0.7778.178\chromedriver-win64/chromedriver.exe] found in cache by browser version
2026-05-21 14:15:42,068 : INFO : Homepage Verified Successfully
2026-05-21 14:15:44,499 : INFO : Kids Section Opened Successfully
2026-05-21 14:15:44,838 : INFO : Processing Product: Kids T-shirt
2026-05-21 14:15:47,769 : INFO : Search performed for: Kids T-shirt
2026-05-21 14:15:48,354 : INFO : First Product Opened
2026-05-21 14:15:48,902 : INFO : Product Page Verified
2026-05-21 14:15:49,357 : INFO : Expected title verified: T-Shirt
2026-05-21 14:16:05,869 : INFO : Closing Browser
2026-05-21 14:17:03,029 : INFO : Launching Chrome Browser
2026-05-21 14:17:03,031 : INFO : ====== WebDriver manager ======
2026-05-21 14:17:04,257 : INFO : Driver [C:\Users\agarw\.wdm\drivers\chromedriver\win64\148.0.7778.178\chromedriver-win64/chromedriver.exe] found in cache by browser version
2026-05-21 14:17:13,262 : INFO : Homepage Verified Successfully
2026-05-21 14:17:16,110 : INFO : Kids Section Opened Successfully
2026-05-21 14:17:16,428 : INFO : Processing Product: Kids T-shirt
2026-05-21 14:17:19,721 : INFO : Search performed for: Kids T-shirt
2026-05-21 14:17:20,405 : INFO : First Product Opened
2026-05-21 14:17:20,865 : INFO : Product Page Verified
2026-05-21 14:17:21,315 : INFO : Expected title verified: T-Shirt
2026-05-21 14:17:37,226 : INFO : Closing Browser
2026-05-21 14:21:45,330 : INFO : Launching Chrome Browser
2026-05-21 14:21:45,331 : INFO : ====== WebDriver manager ======
2026-05-21 14:21:46,469 : INFO : Driver [C:\Users\agarw\.wdm\drivers\chromedriver\win64\148.0.7778.178\chromedriver-win64/chromedriver.exe] found in cache by browser version
2026-05-21 14:21:56,682 : INFO : Homepage Verified Successfully
2026-05-21 14:22:05,533 : INFO : Kids Section Opened Successfully
2026-05-21 14:22:05,983 : INFO : Processing Product: Kids T-shirt
2026-05-21 14:23:13,668 : INFO : Search performed for: Kids T-shirt
2026-05-21 14:23:14,164 : INFO : First Product Opened
2026-05-21 14:23:14,583 : INFO : Product Page Verified
2026-05-21 14:23:14,951 : INFO : Expected title verified: T-Shirt
2026-05-21 14:23:30,559 : INFO : Closing Browser
2026-05-21 14:26:42,235 : INFO : Launching Chrome Browser
2026-05-21 14:26:42,235 : INFO : ====== WebDriver manager ======
2026-05-21 14:26:44,302 : INFO : Driver [C:\Users\agarw\.wdm\drivers\chromedriver\win64\148.0.7778.178\chromedriver-win64/chromedriver.exe] found in cache by browser version
2026-05-21 14:27:28,669 : INFO : Homepage Verified Successfully
2026-05-21 14:27:29,812 : INFO : Kids Section Opened Successfully
2026-05-21 14:27:33,315 : INFO : Processing Product: Kids T-shirt
2026-05-21 14:27:37,678 : INFO : Search performed for: Kids T-shirt
2026-05-21 14:27:38,104 : INFO : First Product Opened
2026-05-21 14:27:38,790 : INFO : Product Page Verified
2026-05-21 14:27:39,811 : INFO : Expected title verified: T-Shirt
2026-05-21 14:27:57,395 : INFO : Closing Browser
2026-05-21 14:30:15,391 : INFO : Launching Chrome Browser
2026-05-21 14:30:15,393 : INFO : ====== WebDriver manager ======
2026-05-21 14:30:17,092 : INFO : Driver [C:\Users\agarw\.wdm\drivers\chromedriver\win64\148.0.7778.178\chromedriver-win64/chromedriver.exe] found in cache by browser version
2026-05-21 14:30:44,080 : INFO : Homepage Verified Successfully
2026-05-21 14:30:51,714 : INFO : Kids Section Opened Successfully
2026-05-21 14:30:52,128 : INFO : Processing Product: Kids T-shirt
2026-05-21 14:30:55,848 : INFO : Search performed for: Kids T-shirt
2026-05-21 14:30:56,880 : INFO : First Product Opened
2026-05-21 14:30:57,405 : INFO : Product Page Verified
2026-05-21 14:30:57,837 : INFO : Expected title verified: T-Shirt
2026-05-21 14:31:13,114 : INFO : Size Selected: M
2026-05-21 14:31:29,468 : INFO : Closing Browser
2026-05-21 14:33:35,167 : INFO : Launching Chrome Browser
2026-05-21 14:33:35,168 : INFO : ====== WebDriver manager ======
2026-05-21 14:33:36,612 : INFO : Driver [C:\Users\agarw\.wdm\drivers\chromedriver\win64\148.0.7778.178\chromedriver-win64/chromedriver.exe] found in cache by browser version
2026-05-21 14:34:02,852 : INFO : Homepage Verified Successfully
2026-05-21 14:34:08,258 : INFO : Kids Section Opened Successfully
2026-05-21 14:34:08,721 : INFO : Processing Product: Kids T-shirt
2026-05-21 14:34:13,055 : INFO : Search performed for: Kids T-shirt
2026-05-21 14:34:14,307 : INFO : First Product Opened
2026-05-21 14:34:15,108 : INFO : Product Page Verified
2026-05-21 14:34:15,745 : INFO : Expected title verified: T-Shirt
2026-05-21 14:34:31,125 : INFO : Size Selected: M
2026-05-21 14:34:46,743 : INFO : Kids T-shirt Added To Bag
2026-05-21 14:34:55,960 : INFO : Processing Product: Kids Shoes
2026-05-21 14:34:59,093 : INFO : Search performed for: Kids Shoes
2026-05-21 14:34:59,542 : INFO : First Product Opened
2026-05-21 14:34:59,972 : INFO : Product Page Verified
2026-05-21 14:35:00,297 : INFO : Expected title verified: Shoes
2026-05-21 14:35:15,387 : INFO : Size Selected: 8
2026-05-21 14:35:30,922 : INFO : Kids Shoes Added To Bag
2026-05-21 14:35:33,611 : INFO : Processing Product: Kids Jeans
2026-05-21 14:35:36,407 : INFO : Closing Browser
2026-05-21 14:38:12,918 : INFO : Launching Chrome Browser
2026-05-21 14:38:12,919 : INFO : ====== WebDriver manager ======
2026-05-21 14:38:14,165 : INFO : Driver [C:\Users\agarw\.wdm\drivers\chromedriver\win64\148.0.7778.178\chromedriver-win64/chromedriver.exe] found in cache by browser version
2026-05-21 14:39:00,697 : INFO : Homepage Verified Successfully
2026-05-21 14:39:01,664 : INFO : Kids Section Opened Successfully
2026-05-21 14:39:08,777 : INFO : Processing Product: Kids T-shirt
2026-05-21 14:39:13,090 : INFO : Search performed for: Kids T-shirt
2026-05-21 14:39:13,464 : INFO : First Product Opened
2026-05-21 14:39:13,879 : INFO : Product Page Verified
2026-05-21 14:39:14,246 : INFO : Expected title verified: T-Shirt
2026-05-21 14:39:14,689 : INFO : Closing Browser
2026-05-21 14:42:55,499 : INFO : Launching Chrome Browser
2026-05-21 14:42:55,501 : INFO : ====== WebDriver manager ======
2026-05-21 14:42:57,537 : INFO : Driver [C:\Users\agarw\.wdm\drivers\chromedriver\win64\148.0.7778.178\chromedriver-win64/chromedriver.exe] found in cache by browser version
2026-05-21 14:43:43,488 : INFO : Homepage Verified Successfully
2026-05-21 14:43:48,260 : INFO : Kids Section Opened Successfully
2026-05-21 14:43:48,742 : INFO : Processing Product: Kids T-shirt
2026-05-21 14:43:54,455 : INFO : Search performed for: Kids T-shirt
2026-05-21 14:43:56,035 : INFO : First Product Opened
2026-05-21 14:43:57,070 : INFO : Product Page Verified
2026-05-21 14:43:57,801 : INFO : Expected title verified: T-Shirt
2026-05-21 14:44:12,959 : INFO : Size Selected: M
2026-05-21 14:44:28,737 : INFO : Kids T-shirt Added To Bag
2026-05-21 14:44:33,870 : INFO : Processing Product: Kids Shoes
2026-05-21 14:44:39,608 : INFO : Search performed for: Kids Shoes
2026-05-21 14:44:40,146 : INFO : First Product Opened
2026-05-21 14:44:40,674 : INFO : Product Page Verified
2026-05-21 14:44:41,180 : INFO : Expected title verified: Shoes
2026-05-21 14:44:57,069 : INFO : Size Selected: 8
2026-05-21 14:45:16,611 : INFO : Kids Shoes Added To Bag
2026-05-21 14:45:41,693 : INFO : Processing Product: Kids Jeans
2026-05-21 14:45:49,710 : INFO : Search performed for: Kids Jeans
2026-05-21 14:45:50,897 : INFO : First Product Opened
2026-05-21 14:45:52,014 : INFO : Product Page Verified
2026-05-21 14:45:52,567 : INFO : Expected title verified: Jeans
2026-05-21 14:46:00,280 : INFO : Size Selected: L
2026-05-21 14:46:06,084 : INFO : Closing Browser
2026-05-21 14:47:52,520 : INFO : Launching Chrome Browser
2026-05-21 14:47:52,522 : INFO : ====== WebDriver manager ======
2026-05-21 14:47:54,569 : INFO : Driver [C:\Users\agarw\.wdm\drivers\chromedriver\win64\148.0.7778.178\chromedriver-win64/chromedriver.exe] found in cache by browser version
2026-05-21 14:48:05,492 : INFO : Closing Browser
2026-05-21 14:51:51,819 : INFO : Launching Chrome Browser
2026-05-21 14:51:51,821 : INFO : ====== WebDriver manager ======
2026-05-21 14:51:54,096 : INFO : Driver [C:\Users\agarw\.wdm\drivers\chromedriver\win64\148.0.7778.178\chromedriver-win64/chromedriver.exe] found in cache by browser version
2026-05-21 14:53:03,931 : INFO : Login Popup Opened
2026-05-21 14:53:05,899 : INFO : Invalid Mobile Number Entered
2026-05-21 14:53:06,499 : INFO : Consent Checkbox Clicked
2026-05-21 14:53:07,473 : INFO : Continue Button Clicked
2026-05-21 14:53:07,943 : INFO : Closing Browser
2026-05-21 14:53:16,767 : INFO : Launching Chrome Browser
2026-05-21 14:53:16,771 : INFO : ====== WebDriver manager ======
2026-05-21 14:53:18,538 : INFO : Driver [C:\Users\agarw\.wdm\drivers\chromedriver\win64\148.0.7778.178\chromedriver-win64/chromedriver.exe] found in cache by browser version
2026-05-21 14:53:28,834 : INFO : Homepage Verified
2026-05-21 14:53:36,946 : INFO : Kids Section Opened
2026-05-21 14:53:45,901 : INFO : Invalid Product Searched
2026-05-21 14:53:48,803 : INFO : No Products Found Verification Passed
2026-05-21 14:53:59,683 : INFO : Closing Browser
2026-05-21 14:54:07,217 : INFO : Launching Chrome Browser
2026-05-21 14:54:07,220 : INFO : ====== WebDriver manager ======
2026-05-21 14:54:09,012 : INFO : Driver [C:\Users\agarw\.wdm\drivers\chromedriver\win64\148.0.7778.178\chromedriver-win64/chromedriver.exe] found in cache by browser version
2026-05-21 14:54:16,909 : INFO : Homepage Verified
2026-05-21 14:54:22,802 : INFO : Kids Section Opened
2026-05-21 14:54:29,440 : INFO : Product Search Successful
2026-05-21 14:54:35,304 : INFO : Product Opened
2026-05-21 14:54:42,802 : INFO : Product Page Verified
2026-05-21 14:54:44,156 : INFO : Size Selected
2026-05-21 14:54:45,596 : INFO : Product Added To Bag
2026-05-21 14:54:46,429 : INFO : Add To Bag Verified
2026-05-21 14:54:47,366 : INFO : Closing Browser
2026-05-21 14:54:56,473 : INFO : Launching Chrome Browser
2026-05-21 14:54:56,476 : INFO : ====== WebDriver manager ======
2026-05-21 14:54:58,350 : INFO : Driver [C:\Users\agarw\.wdm\drivers\chromedriver\win64\148.0.7778.178\chromedriver-win64/chromedriver.exe] found in cache by browser version
2026-05-21 14:55:07,530 : INFO : Homepage Verified
2026-05-21 14:55:16,112 : INFO : Kids Section Opened
2026-05-21 14:55:23,368 : INFO : Product Search Successful
2026-05-21 14:55:24,537 : INFO : Brand Filter Applied
2026-05-21 14:55:25,471 : INFO : Gender Filter Applied
2026-05-21 14:55:26,077 : INFO : Color Filter Applied
2026-05-21 14:55:26,660 : INFO : Closing Browser
2026-05-21 14:55:38,882 : INFO : Launching Chrome Browser
2026-05-21 14:55:38,884 : INFO : ====== WebDriver manager ======
2026-05-21 14:55:40,784 : INFO : Driver [C:\Users\agarw\.wdm\drivers\chromedriver\win64\148.0.7778.178\chromedriver-win64/chromedriver.exe] found in cache by browser version
2026-05-21 14:55:53,587 : INFO : Homepage Verified
2026-05-21 14:55:56,349 : INFO : Kids Section Opened
2026-05-21 14:56:06,593 : INFO : Product Search Successful
2026-05-21 14:56:11,929 : INFO : First Product Opened
2026-05-21 14:56:13,669 : INFO : Product Details Verified
2026-05-21 14:56:14,842 : INFO : Closing Browser
2026-05-21 14:56:21,738 : INFO : Launching Chrome Browser
2026-05-21 14:56:21,742 : INFO : ====== WebDriver manager ======
2026-05-21 14:56:23,577 : INFO : Driver [C:\Users\agarw\.wdm\drivers\chromedriver\win64\148.0.7778.178\chromedriver-win64/chromedriver.exe] found in cache by browser version
2026-05-21 14:56:42,579 : INFO : Login Popup Opened
2026-05-21 14:56:45,028 : INFO : Valid Mobile Number Entered
2026-05-21 14:56:45,564 : INFO : Consent Checkbox Clicked
2026-05-21 14:56:45,981 : INFO : Continue Button Clicked
2026-05-21 14:56:47,502 : INFO : Closing Browser
2026-05-21 14:56:57,188 : INFO : Launching Chrome Browser
2026-05-21 14:56:57,192 : INFO : ====== WebDriver manager ======
2026-05-21 14:56:58,940 : INFO : Driver [C:\Users\agarw\.wdm\drivers\chromedriver\win64\148.0.7778.178\chromedriver-win64/chromedriver.exe] found in cache by browser version
2026-05-21 14:57:11,206 : INFO : Homepage Verified Successfully
2026-05-21 14:57:11,968 : INFO : Kids Section Opened Successfully
2026-05-21 14:57:14,192 : INFO : Kids Page Verified
2026-05-21 14:57:18,197 : INFO : Search performed for: Kids Shoes
2026-05-21 14:57:18,865 : INFO : First Product Opened
2026-05-21 14:57:21,847 : INFO : Product Page Verified
2026-05-21 14:57:24,364 : INFO : Product Size Selected
2026-05-21 14:57:24,593 : INFO : Product Added To Bag
2026-05-21 14:57:24,898 : INFO : Product Successfully Added To Bag
2026-05-21 14:57:30,152 : INFO : Shopping Bag Opened
2026-05-21 14:57:31,635 : INFO : Cart Page Verified Successfully
2026-05-21 14:57:31,796 : INFO : Closing Browser
